<?xml version="1.0" encoding="utf-8"?><testsuites name="pytest tests"><testsuite name="pytest" errors="0" failures="1" skipped="50" tests="115" time="104.475" timestamp="2026-06-25T16:49:49.825325-04:00" hostname="StephenacStudio.lan"><testcase classname="tests.unit.test_action_generator" name="test_action_generator_initialization" time="0.001" /><testcase classname="tests.unit.test_action_generator" name="test_action_generator_with_agent" time="0.000"><skipped type="pytest.skip" message="Live LLM test requires credentials, or use TINYTROUPE_CONFIG=tests/config_ollama.ini">/Users/pup/TinyTroupe/tests/unit/test_action_generator.py:315: Live LLM test requires credentials, or use TINYTROUPE_CONFIG=tests/config_ollama.ini</skipped></testcase><testcase classname="tests.unit.test_action_generator" name="test_action_generator_quality_checks" time="0.000"><skipped type="pytest.skip" message="Live LLM test requires credentials, or use TINYTROUPE_CONFIG=tests/config_ollama.ini">/Users/pup/TinyTroupe/tests/unit/test_action_generator.py:349: Live LLM test requires credentials, or use TINYTROUPE_CONFIG=tests/config_ollama.ini</skipped></testcase><testcase classname="tests.unit.test_action_generator" name="test_action_generator_regeneration" time="0.000"><skipped type="pytest.skip" message="Live LLM test requires credentials, or use TINYTROUPE_CONFIG=tests/config_ollama.ini">/Users/pup/TinyTroupe/tests/unit/test_action_generator.py:389: Live LLM test requires credentials, or use TINYTROUPE_CONFIG=tests/config_ollama.ini</skipped></testcase><testcase classname="tests.unit.test_action_generator" name="test_action_generator_serialization" time="0.001" /><testcase classname="tests.unit.test_action_generator" name="test_action_generator_error_handling" time="0.000"><skipped type="pytest.skip" message="Live LLM test requires credentials, or use TINYTROUPE_CONFIG=tests/config_ollama.ini">/Users/pup/TinyTroupe/tests/unit/test_action_generator.py:447: Live LLM test requires credentials, or use TINYTROUPE_CONFIG=tests/config_ollama.ini</skipped></testcase><testcase classname="tests.unit.test_action_generator" name="test_action_generator_different_configurations" time="0.000"><skipped type="pytest.skip" message="Live LLM test requires credentials, or use TINYTROUPE_CONFIG=tests/config_ollama.ini">/Users/pup/TinyTroupe/tests/unit/test_action_generator.py:465: Live LLM test requires credentials, or use TINYTROUPE_CONFIG=tests/config_ollama.ini</skipped></testcase><testcase classname="tests.unit.test_action_generator" name="test_action_generator_persona_adherence_correction" time="0.000"><skipped type="pytest.skip" message="Live LLM test requires credentials, or use TINYTROUPE_CONFIG=tests/config_ollama.ini">/Users/pup/TinyTroupe/tests/unit/test_action_generator.py:499: Live LLM test requires credentials, or use TINYTROUPE_CONFIG=tests/config_ollama.ini</skipped></testcase><testcase classname="tests.unit.test_action_generator" name="test_action_generator_self_consistency_correction" time="0.000"><skipped type="pytest.skip" message="Live LLM test requires credentials, or use TINYTROUPE_CONFIG=tests/config_ollama.ini">/Users/pup/TinyTroupe/tests/unit/test_action_generator.py:606: Live LLM test requires credentials, or use TINYTROUPE_CONFIG=tests/config_ollama.ini</skipped></testcase><testcase classname="tests.unit.test_action_generator" name="test_action_generator_direct_correction_mechanism" time="0.000"><skipped type="pytest.skip" message="Live LLM test requires credentials, or use TINYTROUPE_CONFIG=tests/config_ollama.ini">/Users/pup/TinyTroupe/tests/unit/test_action_generator.py:711: Live LLM test requires credentials, or use TINYTROUPE_CONFIG=tests/config_ollama.ini</skipped></testcase><testcase classname="tests.unit.test_action_generator" name="test_comprehensive_stress_1_persona_violation" time="0.000"><skipped type="pytest.skip" message="Live LLM test requires credentials, or use TINYTROUPE_CONFIG=tests/config_ollama.ini">/Users/pup/TinyTroupe/tests/unit/test_action_generator.py:792: Live LLM test requires credentials, or use TINYTROUPE_CONFIG=tests/config_ollama.ini</skipped></testcase><testcase classname="tests.unit.test_action_generator" name="test_comprehensive_stress_2_self_consistency_violation" time="0.000"><skipped type="pytest.skip" message="Live LLM test requires credentials, or use TINYTROUPE_CONFIG=tests/config_ollama.ini">/Users/pup/TinyTroupe/tests/unit/test_action_generator.py:826: Live LLM test requires credentials, or use TINYTROUPE_CONFIG=tests/config_ollama.ini</skipped></testcase><testcase classname="tests.unit.test_action_generator" name="test_comprehensive_stress_3_fluency_violation" time="0.000"><skipped type="pytest.skip" message="Live LLM test requires credentials, or use TINYTROUPE_CONFIG=tests/config_ollama.ini">/Users/pup/TinyTroupe/tests/unit/test_action_generator.py:862: Live LLM test requires credentials, or use TINYTROUPE_CONFIG=tests/config_ollama.ini</skipped></testcase><testcase classname="tests.unit.test_action_generator" name="test_comprehensive_stress_4_similarity_violation" time="0.000"><skipped type="pytest.skip" message="Live LLM test requires credentials, or use TINYTROUPE_CONFIG=tests/config_ollama.ini">/Users/pup/TinyTroupe/tests/unit/test_action_generator.py:895: Live LLM test requires credentials, or use TINYTROUPE_CONFIG=tests/config_ollama.ini</skipped></testcase><testcase classname="tests.unit.test_action_generator" name="test_comprehensive_stress_5_multi_violation" time="0.000"><skipped type="pytest.skip" message="Live LLM test requires credentials, or use TINYTROUPE_CONFIG=tests/config_ollama.ini">/Users/pup/TinyTroupe/tests/unit/test_action_generator.py:932: Live LLM test requires credentials, or use TINYTROUPE_CONFIG=tests/config_ollama.ini</skipped></testcase><testcase classname="tests.unit.test_action_generator" name="test_action_generator_comprehensive_correction_stress_test" time="0.000"><skipped type="pytest.skip" message="Live LLM test requires credentials, or use TINYTROUPE_CONFIG=tests/config_ollama.ini">/Users/pup/TinyTroupe/tests/unit/test_action_generator.py:971: Live LLM test requires credentials, or use TINYTROUPE_CONFIG=tests/config_ollama.ini</skipped></testcase><testcase classname="tests.unit.test_action_generator" name="test_action_generator_correction_mechanisms_comparison" time="0.000"><skipped type="pytest.skip" message="Live LLM test requires credentials, or use TINYTROUPE_CONFIG=tests/config_ollama.ini">/Users/pup/TinyTroupe/tests/unit/test_action_generator.py:1008: Live LLM test requires credentials, or use TINYTROUPE_CONFIG=tests/config_ollama.ini</skipped></testcase><testcase classname="tests.unit.test_api_cache.TestOpenAIClientCache" name="test_save_cache_creates_file" time="0.002" /><testcase classname="tests.unit.test_api_cache.TestOpenAIClientCache" name="test_load_cache_reads_file" time="0.001" /><testcase classname="tests.unit.test_api_cache.TestOpenAIClientCache" name="test_load_cache_returns_empty_dict_for_nonexistent_file" time="0.001" /><testcase classname="tests.unit.test_api_cache.TestOpenAIClientCache" name="test_cache_roundtrip" time="0.001" /><testcase classname="tests.unit.test_api_cache.TestOpenAIClientCache" name="test_set_api_cache_enables_caching" time="0.001" /><testcase classname="tests.unit.test_api_cache.TestOpenAIClientCache" name="test_set_api_cache_disables_caching" time="0.001" /><testcase classname="tests.unit.test_api_cache.TestOpenAIClientCache" name="test_cache_with_special_characters" time="0.001" /><testcase classname="tests.unit.test_api_cache.TestOpenAIClientCache" name="test_get_cached_response_returns_none_when_disabled" time="0.001" /><testcase classname="tests.unit.test_api_cache.TestOpenAIClientCache" name="test_get_cached_response_returns_cached_value" time="0.005" /><testcase classname="tests.unit.test_api_cache.TestOpenAIClientCache" name="test_get_cached_response_returns_none_for_missing_key" time="0.001" /><testcase classname="tests.unit.test_api_cache.TestOpenAIClientCache" name="test_load_cache_handles_empty_file" time="0.001" /><testcase classname="tests.unit.test_api_cache.TestOpenAIClientCache" name="test_load_cache_handles_corrupted_file" time="0.002" /><testcase classname="tests.unit.test_api_cache_integration.TestAPICacheIntegration" name="test_cache_with_default_config" time="0.000"><skipped type="pytest.skip" message="Live API cache integration test requires credentials, or use TINYTROUPE_CONFIG=tests/config_ollama.ini">/Users/pup/TinyTroupe/tests/unit/test_api_cache_integration.py:34: Live API cache integration test requires credentials, or use TINYTROUPE_CONFIG=tests/config_ollama.ini</skipped></testcase><testcase classname="tests.unit.test_api_cache_integration.TestAPICacheIntegration" name="test_cache_with_response_format_pydantic" time="0.000"><skipped type="pytest.skip" message="Live API cache integration test requires credentials, or use TINYTROUPE_CONFIG=tests/config_ollama.ini">/Users/pup/TinyTroupe/tests/unit/test_api_cache_integration.py:79: Live API cache integration test requires credentials, or use TINYTROUPE_CONFIG=tests/config_ollama.ini</skipped></testcase><testcase classname="tests.unit.test_api_dashboard" name="test_dashboard_create_and_converse" time="0.000" /><testcase classname="tests.unit.test_api_dashboard" name="test_fastapi_routes_expose_manager" time="0.021" /><testcase classname="tests.unit.test_cache_management.TestLRUCache" name="test_cache_size_limit" time="0.005" /><testcase classname="tests.unit.test_cache_management.TestLRUCache" name="test_lru_eviction" time="0.002" /><testcase classname="tests.unit.test_cache_management.TestLRUCache" name="test_fifo_eviction" time="0.003" /><testcase classname="tests.unit.test_cache_management.TestLRUCache" name="test_cache_metrics" time="0.001" /><testcase classname="tests.unit.test_cache_management.TestLRUCache" name="test_cache_warning_threshold" time="0.001" /><testcase classname="tests.unit.test_cache_management.TestLRUCache" name="test_unbounded_cache" time="0.001" /><testcase classname="tests.unit.test_cache_management.TestLRUCache" name="test_cache_eviction_count" time="0.004" /><testcase classname="tests.unit.test_cache_management.TestLRUCache" name="test_cache_compression" time="0.001" /><testcase classname="tests.unit.test_cache_management.TestLRUCache" name="test_cache_metrics_history" time="0.001" /><testcase classname="tests.unit.test_cache_management.TestLRUCache" name="test_size_based_eviction" time="0.001" /><testcase classname="tests.unit.test_cache_management.TestLRUCache" name="test_lru_access_tracking" time="0.001" /><testcase classname="tests.unit.test_config" name="test_read_config_file_default" time="0.000" /><testcase classname="tests.unit.test_config" name="test_read_config_file_cache_behavior" time="0.002" /><testcase classname="tests.unit.test_config" name="test_read_config_file_without_cache" time="0.002" /><testcase classname="tests.unit.test_config" name="test_read_config_file_not_found" time="0.003" /><testcase classname="tests.unit.test_config" name="test_read_config_file_custom_override" time="0.002" /><testcase classname="tests.unit.test_config" name="test_config_module_global_variable" time="0.001" /><testcase classname="tests.unit.test_config" name="test_config_verbose_output" time="0.002" /><testcase classname="tests.unit.test_config" name="test_config_path_construction" time="0.000" /><testcase classname="tests.unit.test_config" name="test_config_parser_usage" time="0.001" /><testcase classname="tests.unit.test_config" name="test_config_module_imports" time="0.000" /><testcase classname="tests.unit.test_config" name="test_config_error_handling" time="0.001" /><testcase classname="tests.unit.test_config" name="test_config_multiple_calls_consistency" time="0.001" /><testcase classname="tests.unit.test_config" name="test_config_cache_reset" time="0.001" /><testcase classname="tests.unit.test_config" name="test_config_file_path_resolution" time="0.000" /><testcase classname="tests.unit.test_config" name="test_thread_safe_logging_concurrent_access" time="0.025" /><testcase classname="tests.unit.test_config" name="test_thread_safe_file_handler_creation" time="0.001" /><testcase classname="tests.unit.test_config" name="test_logging_level_setters_thread_safety" time="0.009" /><testcase classname="tests.unit.test_config" name="test_logging_initialization_thread_safety" time="0.002" /><testcase classname="tests.unit.test_control" name="test_begin_checkpoint_end_with_agent_only" time="0.000"><skipped type="pytest.skip" message="Live LLM checkpoint test requires credentials, or use TINYTROUPE_CONFIG=tests/config_ollama.ini">/Users/pup/TinyTroupe/tests/unit/test_control.py:43: Live LLM checkpoint test requires credentials, or use TINYTROUPE_CONFIG=tests/config_ollama.ini</skipped></testcase><testcase classname="tests.unit.test_control" name="test_begin_checkpoint_end_with_world" time="0.000"><skipped type="pytest.skip" message="Live LLM checkpoint test requires credentials, or use TINYTROUPE_CONFIG=tests/config_ollama.ini">/Users/pup/TinyTroupe/tests/unit/test_control.py:89: Live LLM checkpoint test requires credentials, or use TINYTROUPE_CONFIG=tests/config_ollama.ini</skipped></testcase><testcase classname="tests.unit.test_control" name="test_begin_checkpoint_end_with_factory" time="0.000"><skipped type="pytest.skip" message="Live LLM checkpoint test requires credentials, or use TINYTROUPE_CONFIG=tests/config_ollama.ini">/Users/pup/TinyTroupe/tests/unit/test_control.py:121: Live LLM checkpoint test requires credentials, or use TINYTROUPE_CONFIG=tests/config_ollama.ini</skipped></testcase><testcase classname="tests.unit.test_control" name="test_cache_key_generation_and_hits" time="0.003" /><testcase classname="tests.unit.test_control" name="test_begin_checkpoint_end_with_factory_demography" time="0.000"><skipped type="pytest.skip" message="Live LLM checkpoint test requires credentials, or use TINYTROUPE_CONFIG=tests/config_ollama.ini">/Users/pup/TinyTroupe/tests/unit/test_control.py:346: Live LLM checkpoint test requires credentials, or use TINYTROUPE_CONFIG=tests/config_ollama.ini</skipped></testcase><testcase classname="tests.unit.test_cost_tracking" name="test_openai_client_cost_tracking_methods_exist" time="0.001" /><testcase classname="tests.unit.test_cost_tracking" name="test_openai_client_get_cost_stats_structure" time="0.001" /><testcase classname="tests.unit.test_cost_tracking" name="test_openai_client_reset_cost_stats" time="0.001" /><testcase classname="tests.unit.test_cost_tracking" name="test_tinyworld_cost_tracking_methods_exist" time="0.000" /><testcase classname="tests.unit.test_cost_tracking" name="test_tinyworld_get_cost_stats_structure" time="0.001" /><testcase classname="tests.unit.test_cost_tracking" name="test_tinyworld_derivative_stats_calculation" time="0.001" /><testcase classname="tests.unit.test_cost_tracking" name="test_tinyworld_global_cost_stats_structure" time="0.001" /><testcase classname="tests.unit.test_cost_tracking" name="test_tinyperson_cost_tracking_methods_exist" time="0.000" /><testcase classname="tests.unit.test_cost_tracking" name="test_tinyperson_get_global_cost_stats_structure" time="0.001" /><testcase classname="tests.unit.test_cost_tracking" name="test_cost_tracking_with_minimal_simulation" time="0.000"><skipped type="pytest.skip" message="Live cost tracking test requires credentials, or use TINYTROUPE_CONFIG=tests/config_ollama.ini">/Users/pup/TinyTroupe/tests/unit/test_cost_tracking.py:175: Live cost tracking test requires credentials, or use TINYTROUPE_CONFIG=tests/config_ollama.ini</skipped></testcase><testcase classname="tests.unit.test_cost_tracking" name="test_world_cost_tracking_with_simulation_steps" time="0.000"><skipped type="pytest.skip" message="Live cost tracking test requires credentials, or use TINYTROUPE_CONFIG=tests/config_ollama.ini">/Users/pup/TinyTroupe/tests/unit/test_cost_tracking.py:209: Live cost tracking test requires credentials, or use TINYTROUPE_CONFIG=tests/config_ollama.ini</skipped></testcase><testcase classname="tests.unit.test_cost_tracking" name="test_derivative_stats_with_multiple_agents" time="0.000"><skipped type="pytest.skip" message="Live cost tracking test requires credentials, or use TINYTROUPE_CONFIG=tests/config_ollama.ini">/Users/pup/TinyTroupe/tests/unit/test_cost_tracking.py:254: Live cost tracking test requires credentials, or use TINYTROUPE_CONFIG=tests/config_ollama.ini</skipped></testcase><testcase classname="tests.unit.test_cost_tracking" name="test_global_stats_aggregation" time="0.000"><skipped type="pytest.skip" message="Live cost tracking test requires credentials, or use TINYTROUPE_CONFIG=tests/config_ollama.ini">/Users/pup/TinyTroupe/tests/unit/test_cost_tracking.py:294: Live cost tracking test requires credentials, or use TINYTROUPE_CONFIG=tests/config_ollama.ini</skipped></testcase><testcase classname="tests.unit.test_enrichment" name="test_enrich_content" time="0.000"><skipped type="pytest.skip" message="Live enrichment test requires credentials, or use TINYTROUPE_CONFIG=tests/config_ollama.ini">/Users/pup/TinyTroupe/tests/unit/test_enrichment.py:33: Live enrichment test requires credentials, or use TINYTROUPE_CONFIG=tests/config_ollama.ini</skipped></testcase><testcase classname="tests.unit.test_experimentation" name="test_randomize" time="0.000" /><testcase classname="tests.unit.test_experimentation" name="test_derandomize" time="0.000" /><testcase classname="tests.unit.test_experimentation" name="test_derandomize_name" time="0.000" /><testcase classname="tests.unit.test_experimentation" name="test_passtrough_name" time="0.000" /><testcase classname="tests.unit.test_experimentation" name="test_proposition_with_tinyperson" time="0.000"><skipped type="pytest.skip" message="Live proposition test requires credentials, or use TINYTROUPE_CONFIG=tests/config_ollama.ini">/Users/pup/TinyTroupe/tests/unit/test_experimentation.py:84: Live proposition test requires credentials, or use TINYTROUPE_CONFIG=tests/config_ollama.ini</skipped></testcase><testcase classname="tests.unit.test_experimentation" name="test_proposition_with_tinyperson_at_multiple_points" time="0.000"><skipped type="pytest.skip" message="Live proposition test requires credentials, or use TINYTROUPE_CONFIG=tests/config_ollama.ini">/Users/pup/TinyTroupe/tests/unit/test_experimentation.py:95: Live proposition test requires credentials, or use TINYTROUPE_CONFIG=tests/config_ollama.ini</skipped></testcase><testcase classname="tests.unit.test_experimentation" name="test_proposition_with_tinyworld" time="0.000"><skipped type="pytest.skip" message="Live proposition test requires credentials, or use TINYTROUPE_CONFIG=tests/config_ollama.ini">/Users/pup/TinyTroupe/tests/unit/test_experimentation.py:114: Live proposition test requires credentials, or use TINYTROUPE_CONFIG=tests/config_ollama.ini</skipped></testcase><testcase classname="tests.unit.test_experimentation" name="test_proposition_with_multiple_targets" time="0.000"><skipped type="pytest.skip" message="Live proposition test requires credentials, or use TINYTROUPE_CONFIG=tests/config_ollama.ini">/Users/pup/TinyTroupe/tests/unit/test_experimentation.py:126: Live proposition test requires credentials, or use TINYTROUPE_CONFIG=tests/config_ollama.ini</skipped></testcase><testcase classname="tests.unit.test_experimentation" name="test_proposition_class_method" time="0.000"><skipped type="pytest.skip" message="Live proposition test requires credentials, or use TINYTROUPE_CONFIG=tests/config_ollama.ini">/Users/pup/TinyTroupe/tests/unit/test_experimentation.py:142: Live proposition test requires credentials, or use TINYTROUPE_CONFIG=tests/config_ollama.ini</skipped></testcase><testcase classname="tests.unit.test_extraction" name="test_export_json" time="0.001" /><testcase classname="tests.unit.test_extraction" name="test_export_text" time="0.001" /><testcase classname="tests.unit.test_extraction" name="test_export_docx" time="0.150" /><testcase classname="tests.unit.test_extraction" name="test_normalizer" time="0.000"><skipped type="pytest.skip" message="Live normalizer test requires credentials, or use TINYTROUPE_CONFIG=tests/config_ollama.ini">/Users/pup/TinyTroupe/tests/unit/test_extraction.py:142: Live normalizer test requires credentials, or use TINYTROUPE_CONFIG=tests/config_ollama.ini</skipped></testcase><testcase classname="tests.unit.test_factory" name="test_generate_person" time="0.000"><skipped type="pytest.skip" message="Live factory generation test requires credentials, or use TINYTROUPE_CONFIG=tests/config_ollama.ini">/Users/pup/TinyTroupe/tests/unit/test_factory.py:38: Live factory generation test requires credentials, or use TINYTROUPE_CONFIG=tests/config_ollama.ini</skipped></testcase><testcase classname="tests.unit.test_factory" name="test_generate_person_with_different_temperatures" time="0.000"><skipped type="pytest.skip" message="Live factory generation test requires credentials, or use TINYTROUPE_CONFIG=tests/config_ollama.ini">/Users/pup/TinyTroupe/tests/unit/test_factory.py:59: Live factory generation test requires credentials, or use TINYTROUPE_CONFIG=tests/config_ollama.ini</skipped></testcase><testcase classname="tests.unit.test_factory" name="test_generate_person_with_post_processing" time="0.000"><skipped type="pytest.skip" message="Live factory generation test requires credentials, or use TINYTROUPE_CONFIG=tests/config_ollama.ini">/Users/pup/TinyTroupe/tests/unit/test_factory.py:81: Live factory generation test requires credentials, or use TINYTROUPE_CONFIG=tests/config_ollama.ini</skipped></testcase><testcase classname="tests.unit.test_factory" name="test_generate_people" time="0.000"><skipped type="pytest.skip" message="Live factory generation test requires credentials, or use TINYTROUPE_CONFIG=tests/config_ollama.ini">/Users/pup/TinyTroupe/tests/unit/test_factory.py:101: Live factory generation test requires credentials, or use TINYTROUPE_CONFIG=tests/config_ollama.ini</skipped></testcase><testcase classname="tests.unit.test_factory" name="test_generate_people_2" time="0.000"><skipped type="pytest.skip" message="Live factory generation test requires credentials, or use TINYTROUPE_CONFIG=tests/config_ollama.ini">/Users/pup/TinyTroupe/tests/unit/test_factory.py:137: Live factory generation test requires credentials, or use TINYTROUPE_CONFIG=tests/config_ollama.ini</skipped></testcase><testcase classname="tests.unit.test_factory" name="test_generate_people_with_different_particularities" time="0.000"><skipped type="pytest.skip" message="Live factory generation test requires credentials, or use TINYTROUPE_CONFIG=tests/config_ollama.ini">/Users/pup/TinyTroupe/tests/unit/test_factory.py:171: Live factory generation test requires credentials, or use TINYTROUPE_CONFIG=tests/config_ollama.ini</skipped></testcase><testcase classname="tests.unit.test_factory" name="test_generate_people_with_post_processing" time="0.000"><skipped type="pytest.skip" message="Live factory generation test requires credentials, or use TINYTROUPE_CONFIG=tests/config_ollama.ini">/Users/pup/TinyTroupe/tests/unit/test_factory.py:206: Live factory generation test requires credentials, or use TINYTROUPE_CONFIG=tests/config_ollama.ini</skipped></testcase><testcase classname="tests.unit.test_factory" name="test_create_factory_from_demography_file" time="0.000"><skipped type="pytest.skip" message="Live factory generation test requires credentials, or use TINYTROUPE_CONFIG=tests/config_ollama.ini">/Users/pup/TinyTroupe/tests/unit/test_factory.py:230: Live factory generation test requires credentials, or use TINYTROUPE_CONFIG=tests/config_ollama.ini</skipped></testcase><testcase classname="tests.unit.test_factory" name="test_create_factory_from_demography_dict" time="0.000"><skipped type="pytest.skip" message="Live factory generation test requires credentials, or use TINYTROUPE_CONFIG=tests/config_ollama.ini">/Users/pup/TinyTroupe/tests/unit/test_factory.py:263: Live factory generation test requires credentials, or use TINYTROUPE_CONFIG=tests/config_ollama.ini</skipped></testcase><testcase classname="tests.unit.test_factory" name="test_multiple_factories_sequentially" time="0.000"><skipped type="pytest.skip" message="Live factory generation test requires credentials, or use TINYTROUPE_CONFIG=tests/config_ollama.ini">/Users/pup/TinyTroupe/tests/unit/test_factory.py:288: Live factory generation test requires credentials, or use TINYTROUPE_CONFIG=tests/config_ollama.ini</skipped></testcase><testcase classname="tests.unit.test_factory" name="test_multiple_factories_same_context_different_particularities" time="0.000"><skipped type="pytest.skip" message="Live factory generation test requires credentials, or use TINYTROUPE_CONFIG=tests/config_ollama.ini">/Users/pup/TinyTroupe/tests/unit/test_factory.py:326: Live factory generation test requires credentials, or use TINYTROUPE_CONFIG=tests/config_ollama.ini</skipped></testcase><testcase classname="tests.unit.test_factory" name="test_factory_with_sampling_plan_initialization" time="0.000"><skipped type="pytest.skip" message="Live factory generation test requires credentials, or use TINYTROUPE_CONFIG=tests/config_ollama.ini">/Users/pup/TinyTroupe/tests/unit/test_factory.py:373: Live factory generation test requires credentials, or use TINYTROUPE_CONFIG=tests/config_ollama.ini</skipped></testcase><testcase classname="tests.unit.test_factory" name="test_factory_population_size_constraints" time="0.000"><skipped type="pytest.skip" message="Live factory generation test requires credentials, or use TINYTROUPE_CONFIG=tests/config_ollama.ini">/Users/pup/TinyTroupe/tests/unit/test_factory.py:408: Live factory generation test requires credentials, or use TINYTROUPE_CONFIG=tests/config_ollama.ini</skipped></testcase><testcase classname="tests.unit.test_factory" name="test_factory_name_uniqueness_across_factories" time="0.000"><skipped type="pytest.skip" message="Live factory generation test requires credentials, or use TINYTROUPE_CONFIG=tests/config_ollama.ini">/Users/pup/TinyTroupe/tests/unit/test_factory.py:430: Live factory generation test requires credentials, or use TINYTROUPE_CONFIG=tests/config_ollama.ini</skipped></testcase><testcase classname="tests.unit.test_factory" name="test_factory_error_handling" time="0.004" /><testcase classname="tests.unit.test_factory" name="test_factory_complex_market_research_scenario" time="0.000"><skipped type="pytest.skip" message="Live factory generation test requires credentials, or use TINYTROUPE_CONFIG=tests/config_ollama.ini">/Users/pup/TinyTroupe/tests/unit/test_factory.py:480: Live factory generation test requires credentials, or use TINYTROUPE_CONFIG=tests/config_ollama.ini</skipped></testcase><testcase classname="tests.unit.test_factory" name="test_large_scale_generation_multiple_industries" time="0.000"><skipped type="pytest.skip" message="Live factory generation test requires credentials, or use TINYTROUPE_CONFIG=tests/config_ollama.ini">/Users/pup/TinyTroupe/tests/unit/test_factory.py:528: Live factory generation test requires credentials, or use TINYTROUPE_CONFIG=tests/config_ollama.ini</skipped></testcase><testcase classname="tests.unit.test_factory" name="test_large_scale_generation_geographic_regions" time="0.000"><skipped type="pytest.skip" message="Live factory generation test requires credentials, or use TINYTROUPE_CONFIG=tests/config_ollama.ini">/Users/pup/TinyTroupe/tests/unit/test_factory.py:609: Live factory generation test requires credentials, or use TINYTROUPE_CONFIG=tests/config_ollama.ini</skipped></testcase><testcase classname="tests.unit.test_factory" name="test_large_scale_generation_performance_and_consistency" time="0.000"><skipped type="pytest.skip" message="Live factory generation test requires credentials, or use TINYTROUPE_CONFIG=tests/config_ollama.ini">/Users/pup/TinyTroupe/tests/unit/test_factory.py:708: Live factory generation test requires credentials, or use TINYTROUPE_CONFIG=tests/config_ollama.ini</skipped></testcase><testcase classname="tests.unit.test_grounding" name="test_grounding_connector_abstract" time="0.000" /><testcase classname="tests.unit.test_grounding" name="test_local_files_grounding_connector" time="100.642"><failure message="openai.APIConnectionError: Connection error.">.venv/lib/python3.12/site-packages/httpx/_transports/default.py:101: in map_httpcore_exceptions
    yield
.venv/lib/python3.12/site-packages/httpx/_transports/default.py:250: in handle_request
    resp = self._pool.handle_request(req)
           ^^^^^^^^^^^^^^^^^^^^^^^^^^^^^^
.venv/lib/python3.12/site-packages/httpcore/_sync/connection_pool.py:256: in handle_request
    raise exc from None
.venv/lib/python3.12/site-packages/httpcore/_sync/connection_pool.py:236: in handle_request
    response = connection.handle_request(
.venv/lib/python3.12/site-packages/httpcore/_sync/connection.py:101: in handle_request
    raise exc
.venv/lib/python3.12/site-packages/httpcore/_sync/connection.py:78: in handle_request
    stream = self._connect(request)
             ^^^^^^^^^^^^^^^^^^^^^^
.venv/lib/python3.12/site-packages/httpcore/_sync/connection.py:124: in _connect
    stream = self._network_backend.connect_tcp(**kwargs)
             ^^^^^^^^^^^^^^^^^^^^^^^^^^^^^^^^^^^^^^^^^^^
.venv/lib/python3.12/site-packages/httpcore/_backends/sync.py:207: in connect_tcp
    with map_exceptions(exc_map):
         ^^^^^^^^^^^^^^^^^^^^^^^
/Library/Frameworks/Python.framework/Versions/3.12/lib/python3.12/contextlib.py:158: in __exit__
    self.gen.throw(value)
.venv/lib/python3.12/site-packages/httpcore/_exceptions.py:14: in map_exceptions
    raise to_exc(exc) from exc
E   httpcore.ConnectError: [Errno 8] nodename nor servname provided, or not known

The above exception was the direct cause of the following exception:
.venv/lib/python3.12/site-packages/openai/_base_client.py:1005: in request
    response = self._client.send(
.venv/lib/python3.12/site-packages/httpx/_client.py:914: in send
    response = self._send_handling_auth(
.venv/lib/python3.12/site-packages/httpx/_client.py:942: in _send_handling_auth
    response = self._send_handling_redirects(
.venv/lib/python3.12/site-packages/httpx/_client.py:979: in _send_handling_redirects
    response = self._send_single_request(request)
               ^^^^^^^^^^^^^^^^^^^^^^^^^^^^^^^^^^
.venv/lib/python3.12/site-packages/httpx/_client.py:1014: in _send_single_request
    response = transport.handle_request(request)
               ^^^^^^^^^^^^^^^^^^^^^^^^^^^^^^^^^
.venv/lib/python3.12/site-packages/httpx/_transports/default.py:249: in handle_request
    with map_httpcore_exceptions():
         ^^^^^^^^^^^^^^^^^^^^^^^^^
/Library/Frameworks/Python.framework/Versions/3.12/lib/python3.12/contextlib.py:158: in __exit__
    self.gen.throw(value)
.venv/lib/python3.12/site-packages/httpx/_transports/default.py:118: in map_httpcore_exceptions
    raise mapped_exc(message) from exc
E   httpx.ConnectError: [Errno 8] nodename nor servname provided, or not known

The above exception was the direct cause of the following exception:
tests/unit/test_grounding.py:62: in test_local_files_grounding_connector
    connector = LocalFilesGroundingConnector(
tinytroupe/utils/json.py:212: in new_init
    cls._post_init(self)
tinytroupe/agent/grounding.py:296: in _post_init
    self.add_folders(self.folders_paths)
tinytroupe/agent/grounding.py:307: in add_folders
    self.add_folder(folder_path)
tinytroupe/agent/grounding.py:326: in add_folder
    self.add_documents(new_files)
tinytroupe/agent/grounding.py:252: in add_documents
    self.index = VectorStoreIndex.from_documents(
.venv/lib/python3.12/site-packages/llama_index/core/indices/base.py:122: in from_documents
    return cls(
.venv/lib/python3.12/site-packages/llama_index/core/indices/vector_store/base.py:75: in __init__
    super().__init__(
.venv/lib/python3.12/site-packages/llama_index/core/indices/base.py:79: in __init__
    index_struct = self.build_index_from_nodes(
.venv/lib/python3.12/site-packages/llama_index/core/indices/vector_store/base.py:309: in build_index_from_nodes
    return self._build_index_from_nodes(content_nodes, **insert_kwargs)
           ^^^^^^^^^^^^^^^^^^^^^^^^^^^^^^^^^^^^^^^^^^^^^^^^^^^^^^^^^^^^
.venv/lib/python3.12/site-packages/llama_index/core/indices/vector_store/base.py:278: in _build_index_from_nodes
    self._add_nodes_to_index(
.venv/lib/python3.12/site-packages/llama_index/core/indices/vector_store/base.py:231: in _add_nodes_to_index
    nodes_batch = self._get_node_with_embedding(nodes_batch, show_progress)
                  ^^^^^^^^^^^^^^^^^^^^^^^^^^^^^^^^^^^^^^^^^^^^^^^^^^^^^^^^^
.venv/lib/python3.12/site-packages/llama_index/core/indices/vector_store/base.py:138: in _get_node_with_embedding
    id_to_embed_map = embed_nodes(
.venv/lib/python3.12/site-packages/llama_index/core/indices/utils.py:177: in embed_nodes
    new_embeddings = embed_model.get_text_embedding_batch(
.venv/lib/python3.12/site-packages/llama_index_instrumentation/dispatcher.py:335: in wrapper
    result = func(*args, **kwargs)
             ^^^^^^^^^^^^^^^^^^^^^
.venv/lib/python3.12/site-packages/llama_index/core/base/embeddings/base.py:476: in get_text_embedding_batch
    embeddings = self._get_text_embeddings(cur_batch)
                 ^^^^^^^^^^^^^^^^^^^^^^^^^^^^^^^^^^^^
.venv/lib/python3.12/site-packages/llama_index/embeddings/openai/base.py:472: in _get_text_embeddings
    return _retryable_get_embeddings()
           ^^^^^^^^^^^^^^^^^^^^^^^^^^^
.venv/lib/python3.12/site-packages/tenacity/__init__.py:331: in wrapped_f
    return copy(f, *args, **kw)
           ^^^^^^^^^^^^^^^^^^^^
.venv/lib/python3.12/site-packages/tenacity/__init__.py:470: in __call__
    do = self.iter(retry_state=retry_state)
         ^^^^^^^^^^^^^^^^^^^^^^^^^^^^^^^^^^
.venv/lib/python3.12/site-packages/tenacity/__init__.py:371: in iter
    result = action(retry_state)
             ^^^^^^^^^^^^^^^^^^^
.venv/lib/python3.12/site-packages/tenacity/__init__.py:413: in exc_check
    raise retry_exc.reraise()
          ^^^^^^^^^^^^^^^^^^^
.venv/lib/python3.12/site-packages/tenacity/__init__.py:184: in reraise
    raise self.last_attempt.result()
          ^^^^^^^^^^^^^^^^^^^^^^^^^^
/Library/Frameworks/Python.framework/Versions/3.12/lib/python3.12/concurrent/futures/_base.py:449: in result
    return self.__get_result()
           ^^^^^^^^^^^^^^^^^^^
/Library/Frameworks/Python.framework/Versions/3.12/lib/python3.12/concurrent/futures/_base.py:401: in __get_result
    raise self._exception
.venv/lib/python3.12/site-packages/tenacity/__init__.py:473: in __call__
    result = fn(*args, **kwargs)
             ^^^^^^^^^^^^^^^^^^^
.venv/lib/python3.12/site-packages/llama_index/embeddings/openai/base.py:465: in _retryable_get_embeddings
    return get_embeddings(
.venv/lib/python3.12/site-packages/llama_index/embeddings/openai/base.py:172: in get_embeddings
    data = client.embeddings.create(input=list_of_text, model=engine, **kwargs).data
           ^^^^^^^^^^^^^^^^^^^^^^^^^^^^^^^^^^^^^^^^^^^^^^^^^^^^^^^^^^^^^^^^^^^^
.venv/lib/python3.12/site-packages/openai/resources/embeddings.py:132: in create
    return self._post(
.venv/lib/python3.12/site-packages/openai/_base_client.py:1297: in post
    return cast(ResponseT, self.request(cast_to, opts, stream=stream, stream_cls=stream_cls))
                           ^^^^^^^^^^^^^^^^^^^^^^^^^^^^^^^^^^^^^^^^^^^^^^^^^^^^^^^^^^^^^^^^^
.venv/lib/python3.12/site-packages/openai/_base_client.py:1037: in request
    raise APIConnectionError(request=request) from err
E   openai.APIConnectionError: Connection error.</failure></testcase></testsuite></testsuites>